// Jest Snapshot v1, https://goo.gl/fbAQLP

exports[`Snapshot of the Article component 1`] = `
<div
  className="content"
>
  <h1>
    Welcome!
  </h1>
  <p>
    This app is an exercise to demonstrate how to add authentication to a React app.
  </p>
</div>
`;
